{
    "contraCheque": [
        {
            "idContraCheque": "mpms/07/2019/1",
            "chaveColeta": "mpms/07/2019",
            "nome": "ALEXANDRE MAGNO BENITES DE LACERDA",
            "matricula": "8008493",
            "funcao": "PROMOTOR DE JUSTIÇA",
            "localTrabalho": "PROMOTORES - CAMPO GRANDE",
            "ativo": true,
            "remuneracoes": {
                "remuneracao": [
                    {
                        "categoria": "contracheque",
                        "item": "Remuneração do Cargo Efetivo ",
                        "valor": 33689.11
                    },
                    {
                        "categoria": "contracheque",
                        "item": "Outras Verbas Remuneratórias, Legais ou Judiciais",
                        "tipoReceita": "O"
                    },
                    {
                        "categoria": "contracheque",
                        "item": "Função de Confiança ou Cargo em Comissão",
                        "valor": 5161.41,
                        "tipoReceita": "O"
                    },
                    {
                        "categoria": "contracheque",
                        "item": "Gratificação Natalina",
                        "tipoReceita": "O"
                    },
                    {
                        "categoria": "contracheque",
                        "item": "Férias (constitucional)",
                        "valor": 7485.72,
                        "tipoReceita": "O"
                    },
                    {
                        "categoria": "contracheque",
                        "item": "Abono de Permanência",
                        "tipoReceita": "O"
                    },
                    {
                        "natureza": "D",
                        "categoria": "contracheque",
                        "item": "Contribuição Previdenciária",
                        "valor": -4541.28
                    },
                    {
                        "natureza": "D",
                        "categoria": "contracheque",
                        "item": "Imposto de Renda",
                        "valor": -6465.96
                    },
                    {
                        "natureza": "D",
                        "categoria": "contracheque",
                        "item": "Retenção por Teto Constitucional"
                    },
                    {
                        "categoria": "indenizacoes",
                        "item": "Auxílio-Alimentação",
                        "valor": 2358.23,
                        "tipoReceita": "O"
                    },
                    {
                        "categoria": "indenizacoes",
                        "item": "Assistência Medico-Social",
                        "valor": 2358.23,
                        "tipoReceita": "O"
                    },
                    {
                        "categoria": "indenizacoes",
                        "item": "Auxílio-Moradia",
                        "tipoReceita": "O"
                    },
                    {
                        "categoria": "indenizacoes",
                        "item": "Auxílio-Transporte",
                        "valor": 2358.24,
                        "tipoReceita": "O"
                    },
                    {
                        "categoria": "indenizacoes",
                        "item": "Auxílio Pré-Escolar (APE)",
                        "tipoReceita": "O"
                    },
                    {
                        "categoria": "indenizacoes",
                        "item": "Ajuda de Custo",
                        "tipoReceita": "O"
                    },
                    {
                        "categoria": "indenizacoes",
                        "item": "Licença-Prêmio",
                        "valor": 11481.31,
                        "tipoReceita": "O"
                    },
                    {
                        "categoria": "indenizacoes",
                        "item": "Indenização de Substituição",
                        "tipoReceita": "O"
                    },
                    {
                        "categoria": "indenizacoes",
                        "item": "Abono Pecuniário de Férias",
                        "valor": 18715.42,
                        "tipoReceita": "O"
                    },
                    {
                        "categoria": "indenizacoes",
                        "item": "Férias Indenizadas",
                        "valor": 11229.7,
                        "tipoReceita": "O"
                    },
                    {
                        "categoria": "indenizacoes",
                        "item": "Compensação de Plantão",
                        "tipoReceita": "O"
                    },
                    {
                        "categoria": "indenizacoes",
                        "item": "Cumulações",
                        "tipoReceita": "O"
                    }
                ]
            }
        }
    ]
}